// Vitest Snapshot v1, https://vitest.dev/guide/snapshot.html

exports[`renderVerifyLiteSummary > handles missing optional notes and artifacts 1`] = `
"Timestamp: 2025-10-06T01:23:45Z
Schema Version: 1.0.0
- install flags: \`\`
- no frozen lockfile: ✅
- keep lint log: ❌
- enforce lint: ❌
- run mutation: ❌
- traceability missing count: 0 (⏭️ skipped)

| Step | Status | Notes |
| --- | --- | --- |
| Type Check | ✅ success |  |
| Lint | ⏭️ skipped |  |


Artifacts:
- Lint Baseline Diff: n/a
- Lint Log: n/a
- Mutation Summary JSON: n/a
- Mutation Survivors JSON: n/a
- Context Pack Validation JSON: n/a
- Context Pack Validation Markdown: n/a
- Context Pack Functor JSON: n/a
- Context Pack Functor Markdown: n/a
- Context Pack Natural Transformation JSON: n/a
- Context Pack Natural Transformation Markdown: n/a
- Context Pack Product/Coproduct JSON: n/a
- Context Pack Product/Coproduct Markdown: n/a
- Context Pack Phase5 Templates JSON: n/a
- Context Pack Phase5 Templates Markdown: n/a
- Conformance Summary JSON: n/a
- Conformance Summary Markdown: n/a"
`;

exports[`renderVerifyLiteSummary > renders markdown summary with schema version and flags 1`] = `
"Timestamp: 2025-10-06T00:00:00Z
Schema Version: 1.0.0
- install flags: \`--frozen-lockfile\`
- no frozen lockfile: ❌
- keep lint log: ✅
- enforce lint: ❌
- run mutation: ✅
- traceability missing count: 2 (✅ success)

| Step | Status | Notes |
| --- | --- | --- |
| Install | ✅ success | flags=--frozen-lockfile |
| Lint | ❌ failure | 2618 violations |
| Build | ✅ success |  |
| Context Pack Validation | ✅ success | validated spec/context-pack |
| Context Pack Functor Validation | ✅ success | validated context-pack functor mapping |
| Context Pack Natural Transformation Validation | ✅ success | validated context-pack natural transformation mapping |
| Context Pack Product Coproduct Validation | ✅ success | validated context-pack product/coproduct mapping;uncovered_variants=0 |
| Context Pack Phase5 Validation | ✅ success | validated context-pack phase5 templates;violations=0 |
| Bdd Lint | ⏭️ skipped |  |
| Mutation Quick | ✅ success | score: 59.74% |
| Conformance Report | ✅ success | runs=1;violations=0 |


Artifacts:
- Lint Baseline Diff: \`artifacts/verify-lite/verify-lite-lint-summary.json\` ([Data Link](https://example.com/artifacts))
- Lint Log: \`artifacts/verify-lite/verify-lite-lint.log\` ([Data Link](https://example.com/artifacts))
- Mutation Summary JSON: \`reports/mutation/summary.json\` ([Data Link](https://example.com/artifacts))
- Mutation Survivors JSON: \`reports/mutation/survivors.json\` ([Data Link](https://example.com/artifacts))
- Context Pack Validation JSON: \`artifacts/context-pack/context-pack-validate-report.json\` ([Data Link](https://example.com/artifacts))
- Context Pack Validation Markdown: \`artifacts/context-pack/context-pack-validate-report.md\` ([Data Link](https://example.com/artifacts))
- Context Pack Functor JSON: \`artifacts/context-pack/context-pack-functor-report.json\` ([Data Link](https://example.com/artifacts))
- Context Pack Functor Markdown: \`artifacts/context-pack/context-pack-functor-report.md\` ([Data Link](https://example.com/artifacts))
- Context Pack Natural Transformation JSON: \`artifacts/context-pack/context-pack-natural-transformation-report.json\` ([Data Link](https://example.com/artifacts))
- Context Pack Natural Transformation Markdown: \`artifacts/context-pack/context-pack-natural-transformation-report.md\` ([Data Link](https://example.com/artifacts))
- Context Pack Product/Coproduct JSON: \`artifacts/context-pack/context-pack-product-coproduct-report.json\` ([Data Link](https://example.com/artifacts))
- Context Pack Product/Coproduct Markdown: \`artifacts/context-pack/context-pack-product-coproduct-report.md\` ([Data Link](https://example.com/artifacts))
- Context Pack Phase5 Templates JSON: \`artifacts/context-pack/context-pack-phase5-report.json\` ([Data Link](https://example.com/artifacts))
- Context Pack Phase5 Templates Markdown: \`artifacts/context-pack/context-pack-phase5-report.md\` ([Data Link](https://example.com/artifacts))
- Conformance Summary JSON: \`reports/conformance/verify-lite-summary.json\` ([Data Link](https://example.com/artifacts))
- Conformance Summary Markdown: \`reports/conformance/verify-lite-summary.md\` ([Data Link](https://example.com/artifacts))
- GitHub Artifacts: [Open](https://example.com/artifacts)"
`;
